// Jest Snapshot v1, https://goo.gl/fbAQLP

exports[`<FormInput /> should match snapshot 1`] = `"<form><div class=\\"container\\"><label class=\\"label\\" for=\\"test\\">Test</label><input type=\\"text\\" value=\\"\\" name=\\"test\\" label=\\"Test\\" half=\\"0\\" class=\\"input\\"/></div></form>"`;
