// Jest Snapshot v1, https://goo.gl/fbAQLP

exports[`<FormToggle /> should match snapshot 1`] = `"<form><div class=\\"container\\"><span class=\\"label\\">Test</span><label class=\\"switch\\"><input type=\\"checkbox\\" name=\\"test\\" label=\\"Test\\"/><span class=\\"slider\\"></span></label></div></form>"`;
